
Discarded input sections

 .data          0x00000000        0x0 start.o
 .bss           0x00000000        0x0 start.o
 .data          0x00000000        0x0 cpu_init.o
 .bss           0x00000000        0x0 cpu_init.o
 .text          0x00000000        0x0 nand_boot.o
 .data          0x00000000        0x0 nand_boot.o
 .bss           0x00000000        0x0 nand_boot.o
 .data          0x00000000        0x0 lowlevel_init.o
 .bss           0x00000000        0x0 lowlevel_init.o
 .text          0x00000000        0x0 nand_ecc.o
 .data          0x00000000        0x0 nand_ecc.o
 .bss           0x00000000        0x0 nand_ecc.o
 .text          0x00000000        0x0 s3c64xx.o
 .text          0x00000000        0x0 smdk6410_nand_spl.o
 .data          0x00000000        0x0 smdk6410_nand_spl.o
 .bss           0x00000000        0x0 smdk6410_nand_spl.o
 .text          0x00000000        0x0 nand_base.o
 .data          0x00000000        0x0 nand_base.o
 .bss           0x00000000        0x0 nand_base.o
 .text.generic_ffs
                0x00000000        0x0 nand_base.o
 .text.nand_bch_calculate_ecc
                0x00000000        0x0 nand_base.o
 .text.nand_bch_correct_data
                0x00000000        0x0 nand_base.o
 .text.nand_release_device
                0x00000000        0x0 nand_base.o
 .text.nand_read_byte16
                0x00000000        0x0 nand_base.o
 .text.nand_read_word
                0x00000000        0x0 nand_base.o
 .text.nand_verify_buf
                0x00000000        0x0 nand_base.o
 .text.nand_write_buf16
                0x00000000        0x0 nand_base.o
 .text.nand_read_buf16
                0x00000000        0x0 nand_base.o
 .text.nand_verify_buf16
                0x00000000        0x0 nand_base.o
 .text.nand_check_wp
                0x00000000        0x0 nand_base.o
 .text.nand_get_device
                0x00000000        0x0 nand_base.o
 .text.nand_block_bad
                0x00000000        0x0 nand_base.o
 .text.nand_read_page_raw
                0x00000000        0x0 nand_base.o
 .text.nand_read_page_raw_syndrome
                0x00000000        0x0 nand_base.o
 .text.nand_read_page_swecc
                0x00000000        0x0 nand_base.o
 .text.nand_read_subpage
                0x00000000        0x0 nand_base.o
 .text.nand_read_page_hwecc_oob_first
                0x00000000        0x0 nand_base.o
 .text.nand_read_page_syndrome
                0x00000000        0x0 nand_base.o
 .text.nand_read_oob_std
                0x00000000        0x0 nand_base.o
 .text.nand_read_oob_syndrome
                0x00000000        0x0 nand_base.o
 .text.nand_write_oob_std
                0x00000000        0x0 nand_base.o
 .text.nand_write_oob_syndrome
                0x00000000        0x0 nand_base.o
 .text.nand_write_page_raw
                0x00000000        0x0 nand_base.o
 .text.nand_write_page_raw_syndrome
                0x00000000        0x0 nand_base.o
 .text.nand_write_page_swecc
                0x00000000        0x0 nand_base.o
 .text.nand_write_page_hwecc
                0x00000000        0x0 nand_base.o
 .text.nand_write_page_syndrome
                0x00000000        0x0 nand_base.o
 .text.nand_write_page
                0x00000000        0x0 nand_base.o
 .text.single_erase_cmd
                0x00000000        0x0 nand_base.o
 .text.multi_erase_cmd
                0x00000000        0x0 nand_base.o
 .text.nand_sync
                0x00000000        0x0 nand_base.o
 .text.nand_release
                0x00000000        0x0 nand_base.o
 .text.nand_read_page_hwecc
                0x00000000        0x0 nand_base.o
 .text.nand_scan_ident
                0x00000000        0x0 nand_base.o
 .text.nand_scan_tail
                0x00000000        0x0 nand_base.o
 .text.nand_scan
                0x00000000        0x0 nand_base.o
 .text.nand_select_chip
                0x00000000        0x0 nand_base.o
 .text.nand_block_checkbad
                0x00000000        0x0 nand_base.o
 .text.nand_block_isbad
                0x00000000        0x0 nand_base.o
 .text.nand_block_markbad
                0x00000000        0x0 nand_base.o
 .text.nand_fill_oob
                0x00000000        0x0 nand_base.o
 .text.nand_do_write_oob
                0x00000000        0x0 nand_base.o
 .text.nand_do_write_ops
                0x00000000        0x0 nand_base.o
 .text.nand_write_oob
                0x00000000        0x0 nand_base.o
 .text.nand_write
                0x00000000        0x0 nand_base.o
 .text.nand_transfer_oob
                0x00000000        0x0 nand_base.o
 .text.nand_default_block_markbad
                0x00000000        0x0 nand_base.o
 .text.nand_erase_nand
                0x00000000        0x0 nand_base.o
 .text.nand_erase
                0x00000000        0x0 nand_base.o
 .text.nand_wait
                0x00000000        0x0 nand_base.o
 .text.nand_wait_ready
                0x00000000        0x0 nand_base.o
 .text.nand_do_read_ops
                0x00000000        0x0 nand_base.o
 .text.nand_read_oob
                0x00000000        0x0 nand_base.o
 .text.nand_read
                0x00000000        0x0 nand_base.o
 .text.nand_command
                0x00000000        0x0 nand_base.o
 .text.nand_command_lp
                0x00000000        0x0 nand_base.o
 .rodata        0x00000000        0x0 nand_base.o
 .rodata.str1.1
                0x00000000        0x0 nand_base.o
 .text          0x00000000        0x0 s3c6410_gpio.o
 .data          0x00000000        0x0 s3c6410_gpio.o
 .bss           0x00000000        0x0 s3c6410_gpio.o
 .text.led_chg  0x00000000        0x0 s3c6410_gpio.o

Memory Configuration

Name             Origin             Length             Attributes
*default*        0x00000000         0xffffffff

Linker script and memory map

                0x00000000                . = 0x0
                0x00000000                . = ALIGN (0x4)

.text           0x00000000      0x498
 start.o(.text)
 .text          0x00000000      0x190 start.o
                0x00000040                _end_vect
                0x00000088                relocate_code
                0x00000054                IRQ_STACK_START_IN
                0x00000000                _start
                0x00000048                _bss_start_ofs
                0x0000004c                _bss_end_ofs
                0x00000050                _end_ofs
                0x00000040                _TEXT_BASE
 cpu_init.o(.text)
 .text          0x00000190      0x124 cpu_init.o
                0x00000190                mem_ctrl_asm_init
 nand_boot.o(.text)
 *(.text)
 .text          0x000002b4      0x1e4 lowlevel_init.o
                0x000002b8                lowlevel_init

.glue_7         0x00000498        0x0
 .glue_7        0x00000498        0x0 start.o
 .glue_7        0x00000498        0x0 cpu_init.o
 .glue_7        0x00000498        0x0 nand_boot.o
 .glue_7        0x00000498        0x0 lowlevel_init.o
 .glue_7        0x00000498        0x0 nand_ecc.o
 .glue_7        0x00000498        0x0 s3c64xx.o
 .glue_7        0x00000498        0x0 smdk6410_nand_spl.o
 .glue_7        0x00000498        0x0 nand_base.o
 .glue_7        0x00000498        0x0 s3c6410_gpio.o

.glue_7t        0x00000498        0x0
 .glue_7t       0x00000498        0x0 start.o
 .glue_7t       0x00000498        0x0 cpu_init.o
 .glue_7t       0x00000498        0x0 nand_boot.o
 .glue_7t       0x00000498        0x0 lowlevel_init.o
 .glue_7t       0x00000498        0x0 nand_ecc.o
 .glue_7t       0x00000498        0x0 s3c64xx.o
 .glue_7t       0x00000498        0x0 smdk6410_nand_spl.o
 .glue_7t       0x00000498        0x0 nand_base.o
 .glue_7t       0x00000498        0x0 s3c6410_gpio.o

.vfp11_veneer   0x00000498        0x0
 .vfp11_veneer  0x00000498        0x0 start.o
 .vfp11_veneer  0x00000498        0x0 cpu_init.o
 .vfp11_veneer  0x00000498        0x0 nand_boot.o
 .vfp11_veneer  0x00000498        0x0 lowlevel_init.o
 .vfp11_veneer  0x00000498        0x0 nand_ecc.o
 .vfp11_veneer  0x00000498        0x0 s3c64xx.o
 .vfp11_veneer  0x00000498        0x0 smdk6410_nand_spl.o
 .vfp11_veneer  0x00000498        0x0 nand_base.o
 .vfp11_veneer  0x00000498        0x0 s3c6410_gpio.o

.janus_2cc_veneer
                0x00000498        0x0
 .janus_2cc_veneer
                0x00000498        0x0 start.o
 .janus_2cc_veneer
                0x00000498        0x0 cpu_init.o
 .janus_2cc_veneer
                0x00000498        0x0 nand_boot.o
 .janus_2cc_veneer
                0x00000498        0x0 lowlevel_init.o
 .janus_2cc_veneer
                0x00000498        0x0 nand_ecc.o
 .janus_2cc_veneer
                0x00000498        0x0 s3c64xx.o
 .janus_2cc_veneer
                0x00000498        0x0 smdk6410_nand_spl.o
 .janus_2cc_veneer
                0x00000498        0x0 nand_base.o
 .janus_2cc_veneer
                0x00000498        0x0 s3c6410_gpio.o

.v4_bx          0x00000498        0x0
 .v4_bx         0x00000498        0x0 start.o
 .v4_bx         0x00000498        0x0 cpu_init.o
 .v4_bx         0x00000498        0x0 nand_boot.o
 .v4_bx         0x00000498        0x0 lowlevel_init.o
 .v4_bx         0x00000498        0x0 nand_ecc.o
 .v4_bx         0x00000498        0x0 s3c64xx.o
 .v4_bx         0x00000498        0x0 smdk6410_nand_spl.o
 .v4_bx         0x00000498        0x0 nand_base.o
 .v4_bx         0x00000498        0x0 s3c6410_gpio.o

.text.nand_command
                0x00000498       0xf0
 .text.nand_command
                0x00000498       0xf0 nand_boot.o

.text.nand_read_page
                0x00000588       0xf0
 .text.nand_read_page
                0x00000588       0xf0 nand_boot.o

.text.nand_load
                0x00000678       0xdc
 .text.nand_load
                0x00000678       0xdc nand_boot.o

.text.nand_boot
                0x00000754       0xa8
 .text.nand_boot
                0x00000754       0xa8 nand_boot.o
                0x00000754                nand_boot

.text.nand_calculate_ecc
                0x000007fc       0xf8
 .text.nand_calculate_ecc
                0x000007fc       0xf8 nand_ecc.o
                0x000007fc                nand_calculate_ecc

.text.nand_correct_data
                0x000008f4      0x12c
 .text.nand_correct_data
                0x000008f4      0x12c nand_ecc.o
                0x000008f4                nand_correct_data

.text.s3c_nand_select_chip
                0x00000a20       0x40
 .text.s3c_nand_select_chip
                0x00000a20       0x40 s3c64xx.o

.text.s3c_nand_hwcontrol
                0x00000a60       0x68
 .text.s3c_nand_hwcontrol
                0x00000a60       0x68 s3c64xx.o

.text.s3c_nand_device_ready
                0x00000ac8       0x14
 .text.s3c_nand_device_ready
                0x00000ac8       0x14 s3c64xx.o

.text.board_nand_init
                0x00000adc       0xc0
 .text.board_nand_init
                0x00000adc       0xc0 s3c64xx.o
                0x00000adc                board_nand_init

.text.board_init_f
                0x00000b9c       0x18
 .text.board_init_f
                0x00000b9c       0x18 smdk6410_nand_spl.o
                0x00000b9c                board_init_f

.text.nand_read_byte
                0x00000bb4       0x14
 .text.nand_read_byte
                0x00000bb4       0x14 nand_base.o
                0x00000bb4                nand_read_byte

.text.nand_write_buf
                0x00000bc8       0x34
 .text.nand_write_buf
                0x00000bc8       0x34 nand_base.o
                0x00000bc8                nand_write_buf

.text.nand_read_buf
                0x00000bfc       0x2c
 .text.nand_read_buf
                0x00000bfc       0x2c nand_base.o
                0x00000bfc                nand_read_buf

.text.led_set   0x00000c28       0x38
 .text.led_set  0x00000c28       0x38 s3c6410_gpio.o
                0x00000c28                led_set
                0x00000c60                . = ALIGN (0x4)

.rodata         0x00000c60      0x1c0
 *(SORT(.rodata*))
 .rodata        0x00000c60       0xc0 nand_boot.o
 .rodata        0x00000d20      0x100 nand_ecc.o
                0x00000e20                . = ALIGN (0x4)

.data           0x00000e20        0x8
 *(.data)
 .data          0x00000e20        0x8 s3c64xx.o
                0x00000e28                . = ALIGN (0x4)

.got
 *(.got)
                0x00000e28                __u_boot_cmd_start = .

.u_boot_cmd
 *(.u_boot_cmd)
                0x00000e28                __u_boot_cmd_end = .
                0x00000e28                . = ALIGN (0x4)

.rel.dyn        0x00000e28        0x0
                0x00000e28                __rel_dyn_start = .
 *(.rel*)
                0x00000e28                __rel_dyn_end = .

.dynsym         0x00000e28        0x0
                0x00000e28                __dynsym_start = .
 *(.dynsym)
                0x00000e28                _end = .

.bss            0x00000e28        0x4
                0x00000e28                __bss_start = .
 *(.bss)
 .bss           0x00000e28        0x4 s3c64xx.o
                0x00000e2c                . = ALIGN (0x4)
                0x00000e2c                __bss_end__ = .
Address of section .text set to 0x0
LOAD start.o
LOAD cpu_init.o
LOAD lowlevel_init.o
LOAD nand_boot.o
LOAD nand_ecc.o
LOAD s3c64xx.o
LOAD smdk6410_nand_spl.o
LOAD nand_base.o
LOAD s3c6410_gpio.o
OUTPUT(/root/u-boot-2012.10/nand_spl/u-boot-spl elf32-littlearm)

.ARM.attributes
                0x00000000       0x26
 .ARM.attributes
                0x00000000       0x18 start.o
 .ARM.attributes
                0x00000018       0x18 cpu_init.o
 .ARM.attributes
                0x00000030       0x28 nand_boot.o
 .ARM.attributes
                0x00000058       0x18 lowlevel_init.o
 .ARM.attributes
                0x00000070       0x28 nand_ecc.o
 .ARM.attributes
                0x00000098       0x28 s3c64xx.o
 .ARM.attributes
                0x000000c0       0x28 smdk6410_nand_spl.o
 .ARM.attributes
                0x000000e8       0x28 nand_base.o
 .ARM.attributes
                0x00000110       0x28 s3c6410_gpio.o

.debug_line     0x00000000     0x1652
 .debug_line    0x00000000       0x8b start.o
 .debug_line    0x0000008b       0x7c cpu_init.o
 .debug_line    0x00000107      0x1f2 nand_boot.o
 .debug_line    0x000002f9       0xaf lowlevel_init.o
 .debug_line    0x000003a8      0x1cd nand_ecc.o
 .debug_line    0x00000575      0x1a8 s3c64xx.o
 .debug_line    0x0000071d       0xc6 smdk6410_nand_spl.o
 .debug_line    0x000007e3      0xde8 nand_base.o
 .debug_line    0x000015cb       0x87 s3c6410_gpio.o

.debug_info     0x00000000     0x75db
 .debug_info    0x00000000       0x66 start.o
 .debug_info    0x00000066       0x69 cpu_init.o
 .debug_info    0x000000cf     0x1597 nand_boot.o
 .debug_info    0x00001666       0x6e lowlevel_init.o
 .debug_info    0x000016d4      0xc03 nand_ecc.o
 .debug_info    0x000022d7     0x13ec s3c64xx.o
 .debug_info    0x000036c3      0x2e2 smdk6410_nand_spl.o
 .debug_info    0x000039a5     0x3acc nand_base.o
 .debug_info    0x00007471      0x16a s3c6410_gpio.o

.debug_abbrev   0x00000000      0xe10
 .debug_abbrev  0x00000000       0x14 start.o
 .debug_abbrev  0x00000014       0x14 cpu_init.o
 .debug_abbrev  0x00000028      0x29f nand_boot.o
 .debug_abbrev  0x000002c7       0x14 lowlevel_init.o
 .debug_abbrev  0x000002db      0x201 nand_ecc.o
 .debug_abbrev  0x000004dc      0x273 s3c64xx.o
 .debug_abbrev  0x0000074f      0x10a smdk6410_nand_spl.o
 .debug_abbrev  0x00000859      0x4d4 nand_base.o
 .debug_abbrev  0x00000d2d       0xe3 s3c6410_gpio.o

.debug_aranges  0x00000000      0x338
 .debug_aranges
                0x00000000       0x20 start.o
 .debug_aranges
                0x00000020       0x20 cpu_init.o
 .debug_aranges
                0x00000040       0x38 nand_boot.o
 .debug_aranges
                0x00000078       0x20 lowlevel_init.o
 .debug_aranges
                0x00000098       0x28 nand_ecc.o
 .debug_aranges
                0x000000c0       0x38 s3c64xx.o
 .debug_aranges
                0x000000f8       0x20 smdk6410_nand_spl.o
 .debug_aranges
                0x00000118      0x1f8 nand_base.o
 .debug_aranges
                0x00000310       0x28 s3c6410_gpio.o

.debug_frame    0x00000000      0x8ec
 .debug_frame   0x00000000       0x94 nand_boot.o
 .debug_frame   0x00000094       0x50 nand_ecc.o
 .debug_frame   0x000000e4       0x64 s3c64xx.o
 .debug_frame   0x00000148       0x20 smdk6410_nand_spl.o
 .debug_frame   0x00000168      0x754 nand_base.o
 .debug_frame   0x000008bc       0x30 s3c6410_gpio.o

.debug_loc      0x00000000     0x35c6
 .debug_loc     0x00000000      0x2e6 nand_boot.o
 .debug_loc     0x000002e6      0x1ab nand_ecc.o
 .debug_loc     0x00000491       0xe4 s3c64xx.o
 .debug_loc     0x00000575       0x13 smdk6410_nand_spl.o
 .debug_loc     0x00000588     0x2fe4 nand_base.o
 .debug_loc     0x0000356c       0x5a s3c6410_gpio.o

.debug_pubnames
                0x00000000      0x1b3
 .debug_pubnames
                0x00000000       0x20 nand_boot.o
 .debug_pubnames
                0x00000020       0x3f nand_ecc.o
 .debug_pubnames
                0x0000005f       0x26 s3c64xx.o
 .debug_pubnames
                0x00000085       0x23 smdk6410_nand_spl.o
 .debug_pubnames
                0x000000a8       0xe1 nand_base.o
 .debug_pubnames
                0x00000189       0x2a s3c6410_gpio.o

.debug_ranges   0x00000000      0x608
 .debug_ranges  0x00000000       0x60 nand_boot.o
 .debug_ranges  0x00000060       0x20 nand_ecc.o
 .debug_ranges  0x00000080       0x30 s3c64xx.o
 .debug_ranges  0x000000b0       0x18 smdk6410_nand_spl.o
 .debug_ranges  0x000000c8      0x508 nand_base.o
 .debug_ranges  0x000005d0       0x38 s3c6410_gpio.o

.debug_str      0x00000000     0x10a6
 .debug_str     0x00000000      0x788 nand_boot.o
                                0x95f (size before relaxing)
 .debug_str     0x00000788       0x8c nand_ecc.o
                                0x5f0 (size before relaxing)
 .debug_str     0x00000814       0x6f s3c64xx.o
                                0x903 (size before relaxing)
 .debug_str     0x00000883       0x2a smdk6410_nand_spl.o
                                0x222 (size before relaxing)
 .debug_str     0x000008ad      0x7ca nand_base.o
                               0x1116 (size before relaxing)
 .debug_str     0x00001077       0x2f s3c6410_gpio.o
                                 0xf9 (size before relaxing)

.comment        0x00000000       0xfc
 .comment       0x00000000       0x2a nand_boot.o
 .comment       0x0000002a       0x2a nand_ecc.o
 .comment       0x00000054       0x2a s3c64xx.o
 .comment       0x0000007e       0x2a smdk6410_nand_spl.o
 .comment       0x000000a8       0x2a nand_base.o
 .comment       0x000000d2       0x2a s3c6410_gpio.o

.note.GNU-stack
                0x00000000        0x0
 .note.GNU-stack
                0x00000000        0x0 nand_boot.o
 .note.GNU-stack
                0x00000000        0x0 nand_ecc.o
 .note.GNU-stack
                0x00000000        0x0 s3c64xx.o
 .note.GNU-stack
                0x00000000        0x0 smdk6410_nand_spl.o
 .note.GNU-stack
                0x00000000        0x0 nand_base.o
 .note.GNU-stack
                0x00000000        0x0 s3c6410_gpio.o
